{
  "01": {
    "delayTimer": {
      "active": false,
      "targetValue": 0
    },
    "waterHeater": {
      "active": true,
      "targetValue": 165
    }
  },
  "02": {
    "delayTimer": {
      "active": true,
      "targetValue": 1
    },

    "waterHeater": {
      "active": true,
      "targetValue": 165
    }
  }
}